2026.08.12 10:09:17 INFO  Started: Metals version 1.6.8 in folders '/home/patrick/greenfield' for client Visual Studio Code 1.132.0.[0m
2026.08.12 10:09:17 INFO  Memory monitor started[0m
2026.08.12 10:09:17 WARN  Using H2 2.4.240 which is newer than the version Flyway has been verified with. The latest verified version of H2 is 2.3.232.[0m
2026.08.12 10:09:18 INFO  Running List(/home/patrick/.local/share/coursier/bin/scala-cli, setup-ide, /home/patrick/greenfield)[0m
2026.08.12 10:09:18 INFO  Attempting to connect to the build server...[0m
2026.08.12 10:09:18 INFO  Running BSP server List(/home/patrick/.local/share/coursier/bin/.scala-cli.aux, bsp, --json-options, /home/patrick/greenfield/.scala-build/ide-options-v2.json, --json-launcher-options, /home/patrick/greenfield/.scala-build/ide-launcher-options.json, --envs-file, /home/patrick/greenfield/.scala-build/ide-envs.json, /home/patrick/greenfield)[0m
2026.08.12 10:09:18 INFO  Tracing is disabled for protocol BSP. To enable tracing of incoming and outgoing JSON messages, create an empty file at /home/patrick/greenfield/.metals/bsp.trace.json or /home/patrick/.cache/metals/bsp.trace.json[0m
2026.08.12 10:09:18 INFO  time: Connected to build server in 0.36s[0m
2026.08.12 10:09:19 INFO  Connected to Build server: scala-cli v1.6.1[0m
2026.08.12 10:09:18 INFO  compiling greenfield_a2f0c65cd7 (1 scala source)[0m
2026.08.12 10:09:20 INFO  time: compiled greenfield_a2f0c65cd7 in 0.91s[0m
2026.08.12 10:09:20 INFO  compiling greenfield_a2f0c65cd7 (1 scala source)[0m
2026.08.12 10:09:20 INFO  time: compiled greenfield_a2f0c65cd7 in 0.43s[0m
2026.08.12 10:09:21 WARN  Using H2 2.4.240 which is newer than the version Flyway has been verified with. The latest verified version of H2 is 2.3.232.[0m
2026.08.12 10:09:21 INFO  time: indexed workspace in 2.78s[0m
2026.08.12 10:09:22 INFO  compiling greenfield_a2f0c65cd7 (1 scala source)[0m
2026.08.12 10:09:22 INFO  time: compiled greenfield_a2f0c65cd7 in 0.26s[0m
2026.08.12 10:10:20 INFO  compiling greenfield_a2f0c65cd7 (1 scala source)[0m
2026.08.12 10:10:20 INFO  time: compiled greenfield_a2f0c65cd7 in 0.32s[0m
2026.08.12 10:10:40 INFO  compiling greenfield_a2f0c65cd7 (1 scala source)[0m
2026.08.12 10:10:40 INFO  time: compiled greenfield_a2f0c65cd7 in 0.17s[0m
2026.08.12 10:10:53 INFO  compiling greenfield_a2f0c65cd7 (1 scala source)[0m
2026.08.12 10:10:53 INFO  time: compiled greenfield_a2f0c65cd7 in 0.82s[0m
2026.08.12 10:14:21 INFO  no build target found for /home/patrick/greenfield/host-scala/build.sbt. Using presentation compiler with project's scala-library version: 3.6.3[0m
2026.08.12 10:14:21 WARN  no build target for: /home/patrick/greenfield/host-scala/build.sbt[0m
2026.08.12 10:14:21 INFO  no build target found for /home/patrick/greenfield/host-scala/build.sbt. Using presentation compiler with project's scala-library version: 3.6.3[0m
2026.08.12 10:14:21 WARN  no build target for: /home/patrick/greenfield/host-scala/build.sbt[0m
2026.08.12 10:14:21 INFO  no build target found for /home/patrick/greenfield/host-scala/build.sbt. Using presentation compiler with project's scala-library version: 3.6.3[0m
2026.08.12 10:16:02 WARN  no build target for: /home/patrick/greenfield/host-scala/build.sbt[0m
